This is pdfTeX, Version 3.141592653-2.6-1.40.25 (MiKTeX 24.1) (preloaded format=pdflatex 2025.7.7)  29 AUG 2026 19:49
entering extended mode
 restricted \write18 enabled.
 %&-line parsing enabled.
**./Multivariable-calc.tex
(Multivariable-calc.tex
LaTeX2e <2023-11-01> patch level 1
L3 programming layer <2024-01-04>
(C:\Users\dacla\AppData\Local\Programs\MiKTeX\tex/latex/base\article.cls
Document Class: article 2023/05/17 v1.4n Standard LaTeX document class
(C:\Users\dacla\AppData\Local\Programs\MiKTeX\tex/latex/base\size12.clo
File: size12.clo 2023/05/17 v1.4n Standard LaTeX file (size option)
)
\c@part=\count187
\c@section=\count188
\c@subsection=\count189
\c@subsubsection=\count190
\c@paragraph=\count191
\c@subparagraph=\count192
\c@figure=\count193
\c@table=\count194
\abovecaptionskip=\skip48
\belowcaptionskip=\skip49
\bibindent=\dimen140
)
(C:\Users\dacla\AppData\Local\Programs\MiKTeX\tex/latex/base\inputenc.sty
Package: inputenc 2021/02/14 v1.3d Input encoding file
\inpenc@prehook=\toks17
\inpenc@posthook=\toks18
)
(C:\Users\dacla\AppData\Local\Programs\MiKTeX\tex/latex/amsmath\amsmath.sty
Package: amsmath 2023/05/13 v2.17o AMS math features
\@mathmargin=\skip50

For additional information on amsmath, use the `?' option.
(C:\Users\dacla\AppData\Local\Programs\MiKTeX\tex/latex/amsmath\amstext.sty
Package: amstext 2021/08/26 v2.01 AMS text

(C:\Users\dacla\AppData\Local\Programs\MiKTeX\tex/latex/amsmath\amsgen.sty
File: amsgen.sty 1999/11/30 v2.0 generic functions
\@emptytoks=\toks19
\ex@=\dimen141
))
(C:\Users\dacla\AppData\Local\Programs\MiKTeX\tex/latex/amsmath\amsbsy.sty
Package: amsbsy 1999/11/29 v1.2d Bold Symbols
\pmbraise@=\dimen142
)
(C:\Users\dacla\AppData\Local\Programs\MiKTeX\tex/latex/amsmath\amsopn.sty
Package: amsopn 2022/04/08 v2.04 operator names
)
\inf@bad=\count195
LaTeX Info: Redefining \frac on input line 234.
\uproot@=\count196
\leftroot@=\count197
LaTeX Info: Redefining \overline on input line 399.
LaTeX Info: Redefining \colon on input line 410.
\classnum@=\count198
\DOTSCASE@=\count199
LaTeX Info: Redefining \ldots on input line 496.
LaTeX Info: Redefining \dots on input line 499.
LaTeX Info: Redefining \cdots on input line 620.
\Mathstrutbox@=\box51
\strutbox@=\box52
LaTeX Info: Redefining \big on input line 722.
LaTeX Info: Redefining \Big on input line 723.
LaTeX Info: Redefining \bigg on input line 724.
LaTeX Info: Redefining \Bigg on input line 725.
\big@size=\dimen143
LaTeX Font Info:    Redeclaring font encoding OML on input line 743.
LaTeX Font Info:    Redeclaring font encoding OMS on input line 744.
\macc@depth=\count266
LaTeX Info: Redefining \bmod on input line 905.
LaTeX Info: Redefining \pmod on input line 910.
LaTeX Info: Redefining \smash on input line 940.
LaTeX Info: Redefining \relbar on input line 970.
LaTeX Info: Redefining \Relbar on input line 971.
\c@MaxMatrixCols=\count267
\dotsspace@=\muskip16
\c@parentequation=\count268
\dspbrk@lvl=\count269
\tag@help=\toks20
\row@=\count270
\column@=\count271
\maxfields@=\count272
\andhelp@=\toks21
\eqnshift@=\dimen144
\alignsep@=\dimen145
\tagshift@=\dimen146
\tagwidth@=\dimen147
\totwidth@=\dimen148
\lineht@=\dimen149
\@envbody=\toks22
\multlinegap=\skip51
\multlinetaggap=\skip52
\mathdisplay@stack=\toks23
LaTeX Info: Redefining \[ on input line 2953.
LaTeX Info: Redefining \] on input line 2954.
)
(C:\Users\dacla\AppData\Local\Programs\MiKTeX\tex/latex/amsfonts\amssymb.sty
Package: amssymb 2013/01/14 v3.01 AMS font symbols

(C:\Users\dacla\AppData\Local\Programs\MiKTeX\tex/latex/amsfonts\amsfonts.sty
Package: amsfonts 2013/01/14 v3.01 Basic AMSFonts support
\symAMSa=\mathgroup4
\symAMSb=\mathgroup5
LaTeX Font Info:    Redeclaring math symbol \hbar on input line 98.
LaTeX Font Info:    Overwriting math alphabet `\mathfrak' in version `bold'
(Font)                  U/euf/m/n --> U/euf/b/n on input line 106.
)) (C:\Users\dacla\AppData\Local\Programs\MiKTeX\tex/latex/geometry\geometry.st
y
Package: geometry 2020/01/02 v5.9 Page Geometry

(C:\Users\dacla\AppData\Local\Programs\MiKTeX\tex/latex/graphics\keyval.sty
Package: keyval 2022/05/29 v1.15 key=value parser (DPC)
\KV@toks@=\toks24
)
(C:\Users\dacla\AppData\Local\Programs\MiKTeX\tex/generic/iftex\ifvtex.sty
Package: ifvtex 2019/10/25 v1.7 ifvtex legacy package. Use iftex instead.

(C:\Users\dacla\AppData\Local\Programs\MiKTeX\tex/generic/iftex\iftex.sty
Package: iftex 2022/02/03 v1.0f TeX engine tests
))
\Gm@cnth=\count273
\Gm@cntv=\count274
\c@Gm@tempcnt=\count275
\Gm@bindingoffset=\dimen150
\Gm@wd@mp=\dimen151
\Gm@odd@mp=\dimen152
\Gm@even@mp=\dimen153
\Gm@layoutwidth=\dimen154
\Gm@layoutheight=\dimen155
\Gm@layouthoffset=\dimen156
\Gm@layoutvoffset=\dimen157
\Gm@dimlist=\toks25

(C:\Users\dacla\AppData\Local\Programs\MiKTeX\tex/latex/geometry\geometry.cfg))
(C:\Users\dacla\AppData\Local\Programs\MiKTeX\tex/latex/enumitem\enumitem.sty
Package: enumitem 2025/02/06 v3.11 Customized lists
\labelindent=\skip53
\enit@outerparindent=\dimen158
\enit@toks=\toks26
\enit@inbox=\box53
\enit@count@id=\count276
\enitdp@description=\count277
)
(C:\Users\dacla\AppData\Local\Programs\MiKTeX\tex/latex/parskip\parskip.sty
Package: parskip 2021-03-14 v2.0h non-zero parskip adjustments

(C:\Users\dacla\AppData\Local\Programs\MiKTeX\tex/latex/kvoptions\kvoptions.sty
Package: kvoptions 2022-06-15 v3.15 Key value format for package options (HO)
(C:\Users\dacla\AppData\Local\Programs\MiKTeX\tex/generic/ltxcmds\ltxcmds.sty
Package: ltxcmds 2023-12-04 v1.26 LaTeX kernel commands for general use (HO)
)
(C:\Users\dacla\AppData\Local\Programs\MiKTeX\tex/latex/kvsetkeys\kvsetkeys.sty
Package: kvsetkeys 2022-10-05 v1.19 Key value parser (HO)
))
(C:\Users\dacla\AppData\Local\Programs\MiKTeX\tex/latex/etoolbox\etoolbox.sty
Package: etoolbox 2020/10/05 v2.5k e-TeX tools for LaTeX (JAW)
\etb@tempcnta=\count278
)) (C:\Users\dacla\AppData\Local\Programs\MiKTeX\tex/latex/hyperref\hyperref.st
y
Package: hyperref 2023-11-26 v7.01g Hypertext links for LaTeX

(C:\Users\dacla\AppData\Local\Programs\MiKTeX\tex/generic/infwarerr\infwarerr.s
ty
Package: infwarerr 2019/12/03 v1.5 Providing info/warning/error messages (HO)
)
(C:\Users\dacla\AppData\Local\Programs\MiKTeX\tex/generic/kvdefinekeys\kvdefine
keys.sty
Package: kvdefinekeys 2019-12-19 v1.6 Define keys (HO)
)
(C:\Users\dacla\AppData\Local\Programs\MiKTeX\tex/generic/pdfescape\pdfescape.s
ty
Package: pdfescape 2019/12/09 v1.15 Implements pdfTeX's escape features (HO)

(C:\Users\dacla\AppData\Local\Programs\MiKTeX\tex/generic/pdftexcmds\pdftexcmds
.sty
Package: pdftexcmds 2020-06-27 v0.33 Utility functions of pdfTeX for LuaTeX (HO
)
Package pdftexcmds Info: \pdf@primitive is available.
Package pdftexcmds Info: \pdf@ifprimitive is available.
Package pdftexcmds Info: \pdfdraftmode found.
))
(C:\Users\dacla\AppData\Local\Programs\MiKTeX\tex/latex/hycolor\hycolor.sty
Package: hycolor 2020-01-27 v1.10 Color options for hyperref/bookmark (HO)
)
(C:\Users\dacla\AppData\Local\Programs\MiKTeX\tex/latex/letltxmacro\letltxmacro
.sty
Package: letltxmacro 2019/12/03 v1.6 Let assignment for LaTeX macros (HO)
)
(C:\Users\dacla\AppData\Local\Programs\MiKTeX\tex/latex/auxhook\auxhook.sty
Package: auxhook 2019-12-17 v1.6 Hooks for auxiliary files (HO)
)
(C:\Users\dacla\AppData\Local\Programs\MiKTeX\tex/latex/hyperref\nameref.sty
Package: nameref 2023-11-26 v2.56 Cross-referencing by name of section

(C:\Users\dacla\AppData\Local\Programs\MiKTeX\tex/latex/refcount\refcount.sty
Package: refcount 2019/12/15 v3.6 Data extraction from label references (HO)
)
(C:\Users\dacla\AppData\Local\Programs\MiKTeX\tex/generic/gettitlestring\gettit
lestring.sty
Package: gettitlestring 2019/12/15 v1.6 Cleanup title references (HO)
)
\c@section@level=\count279
)
\@linkdim=\dimen159
\Hy@linkcounter=\count280
\Hy@pagecounter=\count281

(C:\Users\dacla\AppData\Local\Programs\MiKTeX\tex/latex/hyperref\pd1enc.def
File: pd1enc.def 2023-11-26 v7.01g Hyperref: PDFDocEncoding definition (HO)
Now handling font encoding PD1 ...
... no UTF-8 mapping file for font encoding PD1
)
(C:\Users\dacla\AppData\Local\Programs\MiKTeX\tex/generic/intcalc\intcalc.sty
Package: intcalc 2019/12/15 v1.3 Expandable calculations with integers (HO)
)
\Hy@SavedSpaceFactor=\count282

(C:\Users\dacla\AppData\Local\Programs\MiKTeX\tex/latex/hyperref\puenc.def
File: puenc.def 2023-11-26 v7.01g Hyperref: PDF Unicode definition (HO)
Now handling font encoding PU ...
... no UTF-8 mapping file for font encoding PU
)
Package hyperref Info: Hyper figures OFF on input line 4181.
Package hyperref Info: Link nesting OFF on input line 4186.
Package hyperref Info: Hyper index ON on input line 4189.
Package hyperref Info: Plain pages OFF on input line 4196.
Package hyperref Info: Backreferencing OFF on input line 4201.
Package hyperref Info: Implicit mode ON; LaTeX internals redefined.
Package hyperref Info: Bookmarks ON on input line 4448.
\c@Hy@tempcnt=\count283

(C:\Users\dacla\AppData\Local\Programs\MiKTeX\tex/latex/url\url.sty
\Urlmuskip=\muskip17
Package: url 2013/09/16  ver 3.4  Verb mode for urls, etc.
)
LaTeX Info: Redefining \url on input line 4786.
\XeTeXLinkMargin=\dimen160

(C:\Users\dacla\AppData\Local\Programs\MiKTeX\tex/generic/bitset\bitset.sty
Package: bitset 2019/12/09 v1.3 Handle bit-vector datatype (HO)

(C:\Users\dacla\AppData\Local\Programs\MiKTeX\tex/generic/bigintcalc\bigintcalc
.sty
Package: bigintcalc 2019/12/15 v1.5 Expandable calculations on big integers (HO
)
))
\Fld@menulength=\count284
\Field@Width=\dimen161
\Fld@charsize=\dimen162
Package hyperref Info: Hyper figures OFF on input line 6065.
Package hyperref Info: Link nesting OFF on input line 6070.
Package hyperref Info: Hyper index ON on input line 6073.
Package hyperref Info: backreferencing OFF on input line 6080.
Package hyperref Info: Link coloring OFF on input line 6085.
Package hyperref Info: Link coloring with OCG OFF on input line 6090.
Package hyperref Info: PDF/A mode OFF on input line 6095.

(C:\Users\dacla\AppData\Local\Programs\MiKTeX\tex/latex/base\atbegshi-ltx.sty
Package: atbegshi-ltx 2021/01/10 v1.0c Emulation of the original atbegshi
package with kernel methods
)
\Hy@abspage=\count285
\c@Item=\count286
\c@Hfootnote=\count287
)
Package hyperref Info: Driver (autodetected): hpdftex.
(C:\Users\dacla\AppData\Local\Programs\MiKTeX\tex/latex/hyperref\hpdftex.def
File: hpdftex.def 2023-11-26 v7.01g Hyperref driver for pdfTeX

(C:\Users\dacla\AppData\Local\Programs\MiKTeX\tex/latex/base\atveryend-ltx.sty
Package: atveryend-ltx 2020/08/19 v1.0a Emulation of the original atveryend pac
kage
with kernel methods
)
\Fld@listcount=\count288
\c@bookmark@seq@number=\count289

(C:\Users\dacla\AppData\Local\Programs\MiKTeX\tex/latex/rerunfilecheck\rerunfil
echeck.sty
Package: rerunfilecheck 2025-06-21 v1.11 Rerun checks for auxiliary files (HO)

(C:\Users\dacla\AppData\Local\Programs\MiKTeX\tex/generic/uniquecounter\uniquec
ounter.sty
Package: uniquecounter 2019/12/15 v1.4 Provide unlimited unique counter (HO)
)
Package uniquecounter Info: New unique counter `rerunfilecheck' on input line 2
84.
)
\Hy@SectionHShift=\skip54
)
(C:\Users\dacla\AppData\Local\Programs\MiKTeX\tex/latex/graphics\graphicx.sty
Package: graphicx 2021/09/16 v1.2d Enhanced LaTeX Graphics (DPC,SPQR)

(C:\Users\dacla\AppData\Local\Programs\MiKTeX\tex/latex/graphics\graphics.sty
Package: graphics 2022/03/10 v1.4e Standard LaTeX Graphics (DPC,SPQR)

(C:\Users\dacla\AppData\Local\Programs\MiKTeX\tex/latex/graphics\trig.sty
Package: trig 2021/08/11 v1.11 sin cos tan (DPC)
)
(C:\Users\dacla\AppData\Local\Programs\MiKTeX\tex/latex/graphics-cfg\graphics.c
fg
File: graphics.cfg 2016/06/04 v1.11 sample graphics configuration
)
Package graphics Info: Driver file: pdftex.def on input line 107.

(C:\Users\dacla\AppData\Local\Programs\MiKTeX\tex/latex/graphics-def\pdftex.def
File: pdftex.def 2022/09/22 v1.2b Graphics/color driver for pdftex
))
\Gin@req@height=\dimen163
\Gin@req@width=\dimen164
)
(C:\Users\dacla\AppData\Local\Programs\MiKTeX\tex/latex/titlesec\titlesec.sty
Package: titlesec 2025/01/04 v2.17 Sectioning titles
\ttl@box=\box54
\beforetitleunit=\skip55
\aftertitleunit=\skip56
\ttl@plus=\dimen165
\ttl@minus=\dimen166
\ttl@toksa=\toks27
\titlewidth=\dimen167
\titlewidthlast=\dimen168
\titlewidthfirst=\dimen169
)
(C:\Users\dacla\AppData\Local\Programs\MiKTeX\tex/latex/fancyhdr\fancyhdr.sty
Package: fancyhdr 2025/02/07 v5.2 Extensive control of page headers and footers

\f@nch@headwidth=\skip57
\f@nch@offset@elh=\skip58
\f@nch@offset@erh=\skip59
\f@nch@offset@olh=\skip60
\f@nch@offset@orh=\skip61
\f@nch@offset@elf=\skip62
\f@nch@offset@erf=\skip63
\f@nch@offset@olf=\skip64
\f@nch@offset@orf=\skip65
\f@nch@height=\skip66
\f@nch@footalignment=\skip67
\f@nch@widthL=\skip68
\f@nch@widthC=\skip69
\f@nch@widthR=\skip70
\@temptokenb=\toks28
)
(C:\Users\dacla\AppData\Local\Programs\MiKTeX\tex/latex/wasysym\wasysym.sty
Package: wasysym 2020/01/19 v2.4 Wasy-2 symbol support package
\symwasy=\mathgroup6
LaTeX Font Info:    Overwriting symbol font `wasy' in version `bold'
(Font)                  U/wasy/m/n --> U/wasy/b/n on input line 93.
)
(C:\Users\dacla\AppData\Local\Programs\MiKTeX\tex/latex/amscls\amsthm.sty
Package: amsthm 2020/05/29 v2.20.6
\thm@style=\toks29
\thm@bodyfont=\toks30
\thm@headfont=\toks31
\thm@notefont=\toks32
\thm@headpunct=\toks33
\thm@preskip=\skip71
\thm@postskip=\skip72
\thm@headsep=\skip73
\dth@everypar=\toks34
)
(C:\Users\dacla\AppData\Local\Programs\MiKTeX\tex/latex/xcolor\xcolor.sty
Package: xcolor 2023/11/15 v3.01 LaTeX color extensions (UK)

(C:\Users\dacla\AppData\Local\Programs\MiKTeX\tex/latex/graphics-cfg\color.cfg
File: color.cfg 2016/01/02 v1.6 sample color configuration
)
Package xcolor Info: Driver file: pdftex.def on input line 274.
(C:\Users\dacla\AppData\Local\Programs\MiKTeX\tex/latex/graphics\mathcolor.ltx)
Package xcolor Info: Model `cmy' substituted by `cmy0' on input line 1350.
Package xcolor Info: Model `hsb' substituted by `rgb' on input line 1354.
Package xcolor Info: Model `RGB' extended on input line 1366.
Package xcolor Info: Model `HTML' substituted by `rgb' on input line 1368.
Package xcolor Info: Model `Hsb' substituted by `hsb' on input line 1369.
Package xcolor Info: Model `tHsb' substituted by `hsb' on input line 1370.
Package xcolor Info: Model `HSB' substituted by `hsb' on input line 1371.
Package xcolor Info: Model `Gray' substituted by `gray' on input line 1372.
Package xcolor Info: Model `wave' substituted by `hsb' on input line 1373.
) (C:\Users\dacla\AppData\Local\Programs\MiKTeX\tex/latex/minitoc\minitoc.sty
Package: minitoc 2018/07/12 v62 Package minitoc

(C:\Users\dacla\AppData\Local\Programs\MiKTeX\tex/latex/minitoc\mtcmess.sty
Package: mtcmess 2006/03/14
)
Package minitoc Info: I0001
(minitoc)             *** minitoc package, version 62 ***.
\tf@mtc=\write3
\mtcindent=\skip74
\mtcskipamount=\skip75
Package minitoc Info: I0005
(minitoc)             compatible with hyperref.
Package minitoc Info: I0023
(minitoc)             part level macros available.
Package minitoc Info: I0004
(minitoc)             chapter level macros NOT available.
Package minitoc Info: I0028
(minitoc)             section level macros available.
\mtc@toks=\toks35
\mtc@strutbox=\box55
\mtc@hstrutbox=\box56
Package minitoc Info: I0002
(minitoc)             Autoconfiguration of extensions.
\openout3 = `Multivariable-calc.mtc0'.

\openout3 = `Multivariable-calc.mtc'.


(Multivariable-calc.mtc0)
Package minitoc Info: I0012
(minitoc)             Long extensions (Unix-like) will be used.
Package minitoc Info: I0031
(minitoc)             ==> this version is configured for UNIX-like 
(minitoc)                 (long extensions) file names.
\openout3 = `Multivariable-calc.mtc'.

\openout3 = `Multivariable-calc.mtc0'.

\c@ptc=\count290
\c@parttocdepth=\count291
\ptcindent=\skip76
\c@stc=\count292
\c@secttocdepth=\count293
\stcindent=\skip77
Package minitoc Info: I0010
(minitoc)             The english language is selected.
(minitoc)              on input line 4910.

(C:\Users\dacla\AppData\Local\Programs\MiKTeX\tex/latex/minitoc\english.mld
File: english.mld 2006/01/13
)
(C:\Users\dacla\AppData\Local\Programs\MiKTeX\tex/latex/minitoc\english.mld
File: english.mld 2006/01/13
))
(C:\Users\dacla\AppData\Local\Programs\MiKTeX\tex/latex/appendix\appendix.sty
Package: appendix 2020/02/08 v1.2c extra appendix facilities
\c@@pps=\count294
\c@@ppsavesec=\count295
\c@@ppsaveapp=\count296
)
(C:\Users\dacla\AppData\Local\Programs\MiKTeX\tex/latex/tikz-cd\tikz-cd.sty
Package: tikz-cd 2021/05/04 v1.0 Commutative diagrams with TikZ

(C:\Users\dacla\AppData\Local\Programs\MiKTeX\tex/latex/pgf/frontendlayer\tikz.
sty
(C:\Users\dacla\AppData\Local\Programs\MiKTeX\tex/latex/pgf/basiclayer\pgf.sty
(C:\Users\dacla\AppData\Local\Programs\MiKTeX\tex/latex/pgf/utilities\pgfrcs.st
y
(C:\Users\dacla\AppData\Local\Programs\MiKTeX\tex/generic/pgf/utilities\pgfutil
-common.tex
\pgfutil@everybye=\toks36
\pgfutil@tempdima=\dimen170
\pgfutil@tempdimb=\dimen171
)
(C:\Users\dacla\AppData\Local\Programs\MiKTeX\tex/generic/pgf/utilities\pgfutil
-latex.def
\pgfutil@abb=\box57
)
(C:\Users\dacla\AppData\Local\Programs\MiKTeX\tex/generic/pgf/utilities\pgfrcs.
code.tex
(C:\Users\dacla\AppData\Local\Programs\MiKTeX\tex/generic/pgf\pgf.revision.tex)
Package: pgfrcs 2023-01-15 v3.1.10 (3.1.10)
))
Package: pgf 2023-01-15 v3.1.10 (3.1.10)

(C:\Users\dacla\AppData\Local\Programs\MiKTeX\tex/latex/pgf/basiclayer\pgfcore.
sty
(C:\Users\dacla\AppData\Local\Programs\MiKTeX\tex/latex/pgf/systemlayer\pgfsys.
sty
(C:\Users\dacla\AppData\Local\Programs\MiKTeX\tex/generic/pgf/systemlayer\pgfsy
s.code.tex
Package: pgfsys 2023-01-15 v3.1.10 (3.1.10)

(C:\Users\dacla\AppData\Local\Programs\MiKTeX\tex/generic/pgf/utilities\pgfkeys
.code.tex
\pgfkeys@pathtoks=\toks37
\pgfkeys@temptoks=\toks38

(C:\Users\dacla\AppData\Local\Programs\MiKTeX\tex/generic/pgf/utilities\pgfkeys
libraryfiltered.code.tex
\pgfkeys@tmptoks=\toks39
))
\pgf@x=\dimen172
\pgf@y=\dimen173
\pgf@xa=\dimen174
\pgf@ya=\dimen175
\pgf@xb=\dimen176
\pgf@yb=\dimen177
\pgf@xc=\dimen178
\pgf@yc=\dimen179
\pgf@xd=\dimen180
\pgf@yd=\dimen181
\w@pgf@writea=\write4
\r@pgf@reada=\read2
\c@pgf@counta=\count297
\c@pgf@countb=\count298
\c@pgf@countc=\count299
\c@pgf@countd=\count300
\t@pgf@toka=\toks40
\t@pgf@tokb=\toks41
\t@pgf@tokc=\toks42
\pgf@sys@id@count=\count301

(C:\Users\dacla\AppData\Local\Programs\MiKTeX\tex/generic/pgf/systemlayer\pgf.c
fg
File: pgf.cfg 2023-01-15 v3.1.10 (3.1.10)
)
Driver file for pgf: pgfsys-pdftex.def

(C:\Users\dacla\AppData\Local\Programs\MiKTeX\tex/generic/pgf/systemlayer\pgfsy
s-pdftex.def
File: pgfsys-pdftex.def 2023-01-15 v3.1.10 (3.1.10)

(C:\Users\dacla\AppData\Local\Programs\MiKTeX\tex/generic/pgf/systemlayer\pgfsy
s-common-pdf.def
File: pgfsys-common-pdf.def 2023-01-15 v3.1.10 (3.1.10)
)))
(C:\Users\dacla\AppData\Local\Programs\MiKTeX\tex/generic/pgf/systemlayer\pgfsy
ssoftpath.code.tex
File: pgfsyssoftpath.code.tex 2023-01-15 v3.1.10 (3.1.10)
\pgfsyssoftpath@smallbuffer@items=\count302
\pgfsyssoftpath@bigbuffer@items=\count303
)
(C:\Users\dacla\AppData\Local\Programs\MiKTeX\tex/generic/pgf/systemlayer\pgfsy
sprotocol.code.tex
File: pgfsysprotocol.code.tex 2023-01-15 v3.1.10 (3.1.10)
))
(C:\Users\dacla\AppData\Local\Programs\MiKTeX\tex/generic/pgf/basiclayer\pgfcor
e.code.tex
Package: pgfcore 2023-01-15 v3.1.10 (3.1.10)

(C:\Users\dacla\AppData\Local\Programs\MiKTeX\tex/generic/pgf/math\pgfmath.code
.tex
(C:\Users\dacla\AppData\Local\Programs\MiKTeX\tex/generic/pgf/math\pgfmathutil.
code.tex)
(C:\Users\dacla\AppData\Local\Programs\MiKTeX\tex/generic/pgf/math\pgfmathparse
r.code.tex
\pgfmath@dimen=\dimen182
\pgfmath@count=\count304
\pgfmath@box=\box58
\pgfmath@toks=\toks43
\pgfmath@stack@operand=\toks44
\pgfmath@stack@operation=\toks45
)
(C:\Users\dacla\AppData\Local\Programs\MiKTeX\tex/generic/pgf/math\pgfmathfunct
ions.code.tex)
(C:\Users\dacla\AppData\Local\Programs\MiKTeX\tex/generic/pgf/math\pgfmathfunct
ions.basic.code.tex)
(C:\Users\dacla\AppData\Local\Programs\MiKTeX\tex/generic/pgf/math\pgfmathfunct
ions.trigonometric.code.tex)
(C:\Users\dacla\AppData\Local\Programs\MiKTeX\tex/generic/pgf/math\pgfmathfunct
ions.random.code.tex)
(C:\Users\dacla\AppData\Local\Programs\MiKTeX\tex/generic/pgf/math\pgfmathfunct
ions.comparison.code.tex)
(C:\Users\dacla\AppData\Local\Programs\MiKTeX\tex/generic/pgf/math\pgfmathfunct
ions.base.code.tex)
(C:\Users\dacla\AppData\Local\Programs\MiKTeX\tex/generic/pgf/math\pgfmathfunct
ions.round.code.tex)
(C:\Users\dacla\AppData\Local\Programs\MiKTeX\tex/generic/pgf/math\pgfmathfunct
ions.misc.code.tex)
(C:\Users\dacla\AppData\Local\Programs\MiKTeX\tex/generic/pgf/math\pgfmathfunct
ions.integerarithmetics.code.tex)
(C:\Users\dacla\AppData\Local\Programs\MiKTeX\tex/generic/pgf/math\pgfmathcalc.
code.tex)
(C:\Users\dacla\AppData\Local\Programs\MiKTeX\tex/generic/pgf/math\pgfmathfloat
.code.tex
\c@pgfmathroundto@lastzeros=\count305
))
(C:\Users\dacla\AppData\Local\Programs\MiKTeX\tex/generic/pgf/math\pgfint.code.
tex)
(C:\Users\dacla\AppData\Local\Programs\MiKTeX\tex/generic/pgf/basiclayer\pgfcor
epoints.code.tex
File: pgfcorepoints.code.tex 2023-01-15 v3.1.10 (3.1.10)
\pgf@picminx=\dimen183
\pgf@picmaxx=\dimen184
\pgf@picminy=\dimen185
\pgf@picmaxy=\dimen186
\pgf@pathminx=\dimen187
\pgf@pathmaxx=\dimen188
\pgf@pathminy=\dimen189
\pgf@pathmaxy=\dimen190
\pgf@xx=\dimen191
\pgf@xy=\dimen192
\pgf@yx=\dimen193
\pgf@yy=\dimen194
\pgf@zx=\dimen195
\pgf@zy=\dimen196
)
(C:\Users\dacla\AppData\Local\Programs\MiKTeX\tex/generic/pgf/basiclayer\pgfcor
epathconstruct.code.tex
File: pgfcorepathconstruct.code.tex 2023-01-15 v3.1.10 (3.1.10)
\pgf@path@lastx=\dimen197
\pgf@path@lasty=\dimen198
)
(C:\Users\dacla\AppData\Local\Programs\MiKTeX\tex/generic/pgf/basiclayer\pgfcor
epathusage.code.tex
File: pgfcorepathusage.code.tex 2023-01-15 v3.1.10 (3.1.10)
\pgf@shorten@end@additional=\dimen199
\pgf@shorten@start@additional=\dimen256
)
(C:\Users\dacla\AppData\Local\Programs\MiKTeX\tex/generic/pgf/basiclayer\pgfcor
escopes.code.tex
File: pgfcorescopes.code.tex 2023-01-15 v3.1.10 (3.1.10)
\pgfpic=\box59
\pgf@hbox=\box60
\pgf@layerbox@main=\box61
\pgf@picture@serial@count=\count306
)
(C:\Users\dacla\AppData\Local\Programs\MiKTeX\tex/generic/pgf/basiclayer\pgfcor
egraphicstate.code.tex
File: pgfcoregraphicstate.code.tex 2023-01-15 v3.1.10 (3.1.10)
\pgflinewidth=\dimen257
)
(C:\Users\dacla\AppData\Local\Programs\MiKTeX\tex/generic/pgf/basiclayer\pgfcor
etransformations.code.tex
File: pgfcoretransformations.code.tex 2023-01-15 v3.1.10 (3.1.10)
\pgf@pt@x=\dimen258
\pgf@pt@y=\dimen259
\pgf@pt@temp=\dimen260
)
(C:\Users\dacla\AppData\Local\Programs\MiKTeX\tex/generic/pgf/basiclayer\pgfcor
equick.code.tex
File: pgfcorequick.code.tex 2023-01-15 v3.1.10 (3.1.10)
)
(C:\Users\dacla\AppData\Local\Programs\MiKTeX\tex/generic/pgf/basiclayer\pgfcor
eobjects.code.tex
File: pgfcoreobjects.code.tex 2023-01-15 v3.1.10 (3.1.10)
)
(C:\Users\dacla\AppData\Local\Programs\MiKTeX\tex/generic/pgf/basiclayer\pgfcor
epathprocessing.code.tex
File: pgfcorepathprocessing.code.tex 2023-01-15 v3.1.10 (3.1.10)
)
(C:\Users\dacla\AppData\Local\Programs\MiKTeX\tex/generic/pgf/basiclayer\pgfcor
earrows.code.tex
File: pgfcorearrows.code.tex 2023-01-15 v3.1.10 (3.1.10)
\pgfarrowsep=\dimen261
)
(C:\Users\dacla\AppData\Local\Programs\MiKTeX\tex/generic/pgf/basiclayer\pgfcor
eshade.code.tex
File: pgfcoreshade.code.tex 2023-01-15 v3.1.10 (3.1.10)
\pgf@max=\dimen262
\pgf@sys@shading@range@num=\count307
\pgf@shadingcount=\count308
)
(C:\Users\dacla\AppData\Local\Programs\MiKTeX\tex/generic/pgf/basiclayer\pgfcor
eimage.code.tex
File: pgfcoreimage.code.tex 2023-01-15 v3.1.10 (3.1.10)
)
(C:\Users\dacla\AppData\Local\Programs\MiKTeX\tex/generic/pgf/basiclayer\pgfcor
eexternal.code.tex
File: pgfcoreexternal.code.tex 2023-01-15 v3.1.10 (3.1.10)
\pgfexternal@startupbox=\box62
)
(C:\Users\dacla\AppData\Local\Programs\MiKTeX\tex/generic/pgf/basiclayer\pgfcor
elayers.code.tex
File: pgfcorelayers.code.tex 2023-01-15 v3.1.10 (3.1.10)
)
(C:\Users\dacla\AppData\Local\Programs\MiKTeX\tex/generic/pgf/basiclayer\pgfcor
etransparency.code.tex
File: pgfcoretransparency.code.tex 2023-01-15 v3.1.10 (3.1.10)
)
(C:\Users\dacla\AppData\Local\Programs\MiKTeX\tex/generic/pgf/basiclayer\pgfcor
epatterns.code.tex
File: pgfcorepatterns.code.tex 2023-01-15 v3.1.10 (3.1.10)
)
(C:\Users\dacla\AppData\Local\Programs\MiKTeX\tex/generic/pgf/basiclayer\pgfcor
erdf.code.tex
File: pgfcorerdf.code.tex 2023-01-15 v3.1.10 (3.1.10)
)))
(C:\Users\dacla\AppData\Local\Programs\MiKTeX\tex/generic/pgf/modules\pgfmodule
shapes.code.tex
File: pgfmoduleshapes.code.tex 2023-01-15 v3.1.10 (3.1.10)
\pgfnodeparttextbox=\box63
)
(C:\Users\dacla\AppData\Local\Programs\MiKTeX\tex/generic/pgf/modules\pgfmodule
plot.code.tex
File: pgfmoduleplot.code.tex 2023-01-15 v3.1.10 (3.1.10)
)
(C:\Users\dacla\AppData\Local\Programs\MiKTeX\tex/latex/pgf/compatibility\pgfco
mp-version-0-65.sty
Package: pgfcomp-version-0-65 2023-01-15 v3.1.10 (3.1.10)
\pgf@nodesepstart=\dimen263
\pgf@nodesepend=\dimen264
)
(C:\Users\dacla\AppData\Local\Programs\MiKTeX\tex/latex/pgf/compatibility\pgfco
mp-version-1-18.sty
Package: pgfcomp-version-1-18 2023-01-15 v3.1.10 (3.1.10)
))
(C:\Users\dacla\AppData\Local\Programs\MiKTeX\tex/latex/pgf/utilities\pgffor.st
y
(C:\Users\dacla\AppData\Local\Programs\MiKTeX\tex/latex/pgf/utilities\pgfkeys.s
ty
(C:\Users\dacla\AppData\Local\Programs\MiKTeX\tex/generic/pgf/utilities\pgfkeys
.code.tex))
(C:\Users\dacla\AppData\Local\Programs\MiKTeX\tex/latex/pgf/math\pgfmath.sty
(C:\Users\dacla\AppData\Local\Programs\MiKTeX\tex/generic/pgf/math\pgfmath.code
.tex))
(C:\Users\dacla\AppData\Local\Programs\MiKTeX\tex/generic/pgf/utilities\pgffor.
code.tex
Package: pgffor 2023-01-15 v3.1.10 (3.1.10)
\pgffor@iter=\dimen265
\pgffor@skip=\dimen266
\pgffor@stack=\toks46
\pgffor@toks=\toks47
))
(C:\Users\dacla\AppData\Local\Programs\MiKTeX\tex/generic/pgf/frontendlayer/tik
z\tikz.code.tex
Package: tikz 2023-01-15 v3.1.10 (3.1.10)

(C:\Users\dacla\AppData\Local\Programs\MiKTeX\tex/generic/pgf/libraries\pgflibr
aryplothandlers.code.tex
File: pgflibraryplothandlers.code.tex 2023-01-15 v3.1.10 (3.1.10)
\pgf@plot@mark@count=\count309
\pgfplotmarksize=\dimen267
)
\tikz@lastx=\dimen268
\tikz@lasty=\dimen269
\tikz@lastxsaved=\dimen270
\tikz@lastysaved=\dimen271
\tikz@lastmovetox=\dimen272
\tikz@lastmovetoy=\dimen273
\tikzleveldistance=\dimen274
\tikzsiblingdistance=\dimen275
\tikz@figbox=\box64
\tikz@figbox@bg=\box65
\tikz@tempbox=\box66
\tikz@tempbox@bg=\box67
\tikztreelevel=\count310
\tikznumberofchildren=\count311
\tikznumberofcurrentchild=\count312
\tikz@fig@count=\count313

(C:\Users\dacla\AppData\Local\Programs\MiKTeX\tex/generic/pgf/modules\pgfmodule
matrix.code.tex
File: pgfmodulematrix.code.tex 2023-01-15 v3.1.10 (3.1.10)
\pgfmatrixcurrentrow=\count314
\pgfmatrixcurrentcolumn=\count315
\pgf@matrix@numberofcolumns=\count316
)
\tikz@expandcount=\count317

(C:\Users\dacla\AppData\Local\Programs\MiKTeX\tex/generic/pgf/frontendlayer/tik
z/libraries\tikzlibrarytopaths.code.tex
File: tikzlibrarytopaths.code.tex 2023-01-15 v3.1.10 (3.1.10)
)))
(C:\Users\dacla\AppData\Local\Programs\MiKTeX\tex/latex/tikz-cd\tikzlibrarycd.c
ode.tex
(C:\Users\dacla\AppData\Local\Programs\MiKTeX\tex/generic/pgf/frontendlayer/tik
z/libraries\tikzlibrarymatrix.code.tex
File: tikzlibrarymatrix.code.tex 2023-01-15 v3.1.10 (3.1.10)
)
(C:\Users\dacla\AppData\Local\Programs\MiKTeX\tex/generic/pgf/frontendlayer/tik
z/libraries\tikzlibraryquotes.code.tex
File: tikzlibraryquotes.code.tex 2023-01-15 v3.1.10 (3.1.10)
)
(C:\Users\dacla\AppData\Local\Programs\MiKTeX\tex/generic/pgf/libraries\pgflibr
aryarrows.meta.code.tex
File: pgflibraryarrows.meta.code.tex 2023-01-15 v3.1.10 (3.1.10)
\pgfarrowinset=\dimen276
\pgfarrowlength=\dimen277
\pgfarrowwidth=\dimen278
\pgfarrowlinewidth=\dimen279
)))
(C:\Users\dacla\AppData\Local\Programs\MiKTeX\tex/latex/was\upgreek.sty
Package: upgreek 2003/02/12 v2.0 (WaS)
Package upgreek Info: Using Euler Roman for upright Greek on input line 31.
\symugrf@m=\mathgroup7
LaTeX Font Info:    Overwriting symbol font `ugrf@m' in version `bold'
(Font)                  U/eur/m/n --> U/eur/b/n on input line 38.
)
(C:\Users\dacla\AppData\Local\Programs\MiKTeX\tex/latex/caption\caption.sty
Package: caption 2023/08/05 v3.6o Customizing captions (AR)

(C:\Users\dacla\AppData\Local\Programs\MiKTeX\tex/latex/caption\caption3.sty
Package: caption3 2023/07/31 v2.4d caption3 kernel (AR)
\caption@tempdima=\dimen280
\captionmargin=\dimen281
\caption@leftmargin=\dimen282
\caption@rightmargin=\dimen283
\caption@width=\dimen284
\caption@indent=\dimen285
\caption@parindent=\dimen286
\caption@hangindent=\dimen287
Package caption Info: Standard document class detected.
)
\c@caption@flags=\count318
\c@continuedfloat=\count319
Package caption Info: hyperref package is loaded.
)
(C:\Users\dacla\AppData\Local\Programs\MiKTeX\tex/latex/pdflscape\pdflscape.sty
Package: pdflscape 2022-10-27 v0.13 Display of landscape pages in PDF

(C:\Users\dacla\AppData\Local\Programs\MiKTeX\tex/latex/pdflscape\pdflscape-nom
etadata.sty
Package: pdflscape-nometadata 2022-10-28 v0.13 Display of landscape pages in PD
F (HO)

(C:\Users\dacla\AppData\Local\Programs\MiKTeX\tex/latex/graphics\lscape.sty
Package: lscape 2020/05/28 v3.02 Landscape Pages (DPC)
)
Package pdflscape Info: Auto-detected driver: pdftex on input line 81.
))
Package hyperref Info: Option `colorlinks' set `true' on input line 22.

(C:\Users\dacla\AppData\Local\Programs\MiKTeX\tex/latex/l3backend\l3backend-pdf
tex.def
File: l3backend-pdftex.def 2024-01-04 L3 backend support: PDF output (pdfTeX)
\l__color_backend_stack_int=\count320
\l__pdf_internal_box=\box68
) (Multivariable-calc.aux)
\openout1 = `Multivariable-calc.aux'.

LaTeX Font Info:    Checking defaults for OML/cmm/m/it on input line 87.
LaTeX Font Info:    ... okay on input line 87.
LaTeX Font Info:    Checking defaults for OMS/cmsy/m/n on input line 87.
LaTeX Font Info:    ... okay on input line 87.
LaTeX Font Info:    Checking defaults for OT1/cmr/m/n on input line 87.
LaTeX Font Info:    ... okay on input line 87.
LaTeX Font Info:    Checking defaults for T1/cmr/m/n on input line 87.
LaTeX Font Info:    ... okay on input line 87.
LaTeX Font Info:    Checking defaults for TS1/cmr/m/n on input line 87.
LaTeX Font Info:    ... okay on input line 87.
LaTeX Font Info:    Checking defaults for OMX/cmex/m/n on input line 87.
LaTeX Font Info:    ... okay on input line 87.
LaTeX Font Info:    Checking defaults for U/cmr/m/n on input line 87.
LaTeX Font Info:    ... okay on input line 87.
LaTeX Font Info:    Checking defaults for PD1/pdf/m/n on input line 87.
LaTeX Font Info:    ... okay on input line 87.
LaTeX Font Info:    Checking defaults for PU/pdf/m/n on input line 87.
LaTeX Font Info:    ... okay on input line 87.

*geometry* driver: auto-detecting
*geometry* detected driver: pdftex
*geometry* verbose mode - [ preamble ] result:
* driver: pdftex
* paper: <default>
* layout: <same size as paper>
* layoutoffset:(h,v)=(0.0pt,0.0pt)
* modes: 
* h-part:(L,W,R)=(72.26999pt, 469.75502pt, 72.26999pt)
* v-part:(T,H,B)=(72.26999pt, 650.43001pt, 72.26999pt)
* \paperwidth=614.295pt
* \paperheight=794.96999pt
* \textwidth=469.75502pt
* \textheight=650.43001pt
* \oddsidemargin=0.0pt
* \evensidemargin=0.0pt
* \topmargin=-37.0pt
* \headheight=15.0pt
* \headsep=25.0pt
* \topskip=12.0pt
* \footskip=30.0pt
* \marginparwidth=44.0pt
* \marginparsep=10.0pt
* \columnsep=10.0pt
* \skip\footins=10.8pt plus 4.0pt minus 2.0pt
* \hoffset=0.0pt
* \voffset=0.0pt
* \mag=1000
* \@twocolumnfalse
* \@twosidefalse
* \@mparswitchfalse
* \@reversemarginfalse
* (1in=72.27pt=25.4mm, 1cm=28.453pt)

Package hyperref Info: Link coloring ON on input line 87.
(Multivariable-calc.out) (Multivariable-calc.out)
\@outlinefile=\write5
\openout5 = `Multivariable-calc.out'.


(C:\Users\dacla\AppData\Local\Programs\MiKTeX\tex/context/base/mkii\supp-pdf.mk
ii
[Loading MPS to PDF converter (version 2006.09.02).]
\scratchcounter=\count321
\scratchdimen=\dimen288
\scratchbox=\box69
\nofMPsegments=\count322
\nofMParguments=\count323
\everyMPshowfont=\toks48
\MPscratchCnt=\count324
\MPscratchDim=\dimen289
\MPnumerator=\count325
\makeMPintoPDFobject=\count326
\everyMPtoPDFconversion=\toks49
)
(C:\Users\dacla\AppData\Local\Programs\MiKTeX\tex/latex/epstopdf-pkg\epstopdf-b
ase.sty
Package: epstopdf-base 2020-01-24 v2.11 Base part for package epstopdf
Package epstopdf-base Info: Redefining graphics rule for `.eps' on input line 4
85.

(C:\Users\dacla\AppData\Local\Programs\MiKTeX\tex/latex/00miktex\epstopdf-sys.c
fg
File: epstopdf-sys.cfg 2021/03/18 v2.0 Configuration of epstopdf for MiKTeX
))
Package minitoc(hints) Info: I0049
(minitoc(hints))             ==> You requested the hints option. 
(minitoc(hints))             Some hints are eventually given below.
Package minitoc(hints) Info: I0042
(minitoc(hints))             --- The appendix package is loaded. 
(minitoc(hints))             See the minitoc package documentation 
(minitoc(hints))             for specific precautions.


Package minitoc(hints) Warning: W0099
(minitoc(hints))                --- The titlesec package is loaded. 
(minitoc(hints))                It is incompatible 
(minitoc(hints))                with the minitoc package.

Package caption Info: Begin \AtBeginDocument code.
Package caption Info: End \AtBeginDocument code.
LaTeX Font Info:    Trying to load font information for U+msa on input line 95.

(C:\Users\dacla\AppData\Local\Programs\MiKTeX\tex/latex/amsfonts\umsa.fd
File: umsa.fd 2013/01/14 v3.01 AMS symbols A
)
LaTeX Font Info:    Trying to load font information for U+msb on input line 95.


(C:\Users\dacla\AppData\Local\Programs\MiKTeX\tex/latex/amsfonts\umsb.fd
File: umsb.fd 2013/01/14 v3.01 AMS symbols B
)
LaTeX Font Info:    Trying to load font information for U+wasy on input line 95
.

(C:\Users\dacla\AppData\Local\Programs\MiKTeX\tex/latex/wasysym\uwasy.fd
File: uwasy.fd 2020/01/19 v2.4 Wasy-2 symbol font definitions
)
(Multivariable-calc.toc)
\tf@toc=\write6
\openout6 = `Multivariable-calc.toc'.

 [1

{C:/Users/dacla/AppData/Local/MiKTeX/fonts/map/pdftex/pdftex.map}] [2]
<Images/by-nc-sa.png, id=176, 97.0827pt x 33.9669pt>
File: Images/by-nc-sa.png Graphic file (type png)
<use Images/by-nc-sa.png>
Package pdftex.def Info: Images/by-nc-sa.png  used on input line 144.
(pdftex.def)             Requested size: 97.08244pt x 33.96681pt.
 [3 <./Images/by-nc-sa.png>]
<Images/coord-axes-R3.png, id=184, 609.77812pt x 495.35063pt>
File: Images/coord-axes-R3.png Graphic file (type png)
<use Images/coord-axes-R3.png>
Package pdftex.def Info: Images/coord-axes-R3.png  used on input line 162.
(pdftex.def)             Requested size: 199.16928pt x 161.79579pt.
<Images/vector-P.png, id=186, 612.03656pt x 511.15968pt>
File: Images/vector-P.png Graphic file (type png)
<use Images/vector-P.png>
Package pdftex.def Info: Images/vector-P.png  used on input line 175.
(pdftex.def)             Requested size: 227.62204pt x 190.10107pt.


LaTeX Warning: `!h' float specifier changed to `!ht'.

[4 <./Images/coord-axes-R3.png>] [5 <./Images/vector-P.png>] [6] [7]
<Images/cross-prod1.jpg, id=251, 513.92pt x 343.2825pt>
File: Images/cross-prod1.jpg Graphic file (type jpg)
<use Images/cross-prod1.jpg>
Package pdftex.def Info: Images/cross-prod1.jpg  used on input line 248.
(pdftex.def)             Requested size: 227.62204pt x 152.04523pt.
 [8 <./Images/cross-prod1.jpg>] [9] [10]
<Images/plane-normal.png, id=311, 389.95688pt x 268.00125pt>
File: Images/plane-normal.png Graphic file (type png)
<use Images/plane-normal.png>
Package pdftex.def Info: Images/plane-normal.png  used on input line 369.
(pdftex.def)             Requested size: 199.16928pt x 136.8792pt.
 [11 <./Images/plane-normal.png>]
<Images/quadrics.png, id=330, 794.97pt x 478.78876pt>
File: Images/quadrics.png Graphic file (type png)
<use Images/quadrics.png>
Package pdftex.def Info: Images/quadrics.png  used on input line 394.
(pdftex.def)             Requested size: 426.79134pt x 257.05171pt.


LaTeX Warning: `!h' float specifier changed to `!ht'.

[12] [13 <./Images/quadrics.png>] [14] [15] [16] [17]
Overfull \hbox (7.28816pt too wide) in paragraph at lines 590--591
[]\OT1/cmr/m/n/10.95 Explain why the sub-sti-tu-tion $\OML/cmm/m/it/10.95 t \OT
1/cmr/m/n/10.95 = \OML/cmm/m/it/10.95 s=c$ \OT1/cmr/m/n/10.95 (where $\OML/cmm/
m/it/10.95 c$ \OT1/cmr/m/n/10.95 is the con-stant from part a.) reparametrizes
 []

[18]
<Images/curve-TN.png, id=467, 328.22626pt x 255.20343pt>
File: Images/curve-TN.png Graphic file (type png)
<use Images/curve-TN.png>
Package pdftex.def Info: Images/curve-TN.png  used on input line 628.
(pdftex.def)             Requested size: 170.71652pt x 132.73769pt.
 [19 <./Images/curve-TN.png>]
<Images/curvature-pic.png, id=483, 878.28125pt x 691.58376pt>
File: Images/curvature-pic.png Graphic file (type png)
<use Images/curvature-pic.png>
Package pdftex.def Info: Images/curvature-pic.png  used on input line 654.
(pdftex.def)             Requested size: 227.62204pt x 179.23769pt.
 [20 <./Images/curvature-pic.png>] [21]
[22] [23] [24]
<Images/surface-explicit.png, id=578, 795.72281pt x 552.56438pt>
File: Images/surface-explicit.png Graphic file (type png)
<use Images/surface-explicit.png>
Package pdftex.def Info: Images/surface-explicit.png  used on input line 810.
(pdftex.def)             Requested size: 284.52756pt x 197.57399pt.
<Images/levelcurves-saddle.png, id=581, 803.0pt x 803.0pt>
File: Images/levelcurves-saddle.png Graphic file (type png)
<use Images/levelcurves-saddle.png>
Package pdftex.def Info: Images/levelcurves-saddle.png  used on input line 824.

(pdftex.def)             Requested size: 199.1689pt x 199.16928pt.


LaTeX Warning: `!h' float specifier changed to `!ht'.

[25 <./Images/surface-explicit.png>] [26 <./Images/levelcurves-saddle.png>]
<Images/surface-non-cont.png, id=608, 878.28125pt x 691.58376pt>
File: Images/surface-non-cont.png Graphic file (type png)
<use Images/surface-non-cont.png>
Package pdftex.def Info: Images/surface-non-cont.png  used on input line 867.
(pdftex.def)             Requested size: 256.0748pt x 201.64108pt.


LaTeX Warning: `!h' float specifier changed to `!ht'.

[27]
<Images/ws7-lc2.png, id=624, 328.22626pt x 323.2075pt>
File: Images/ws7-lc2.png Graphic file (type png)
<use Images/ws7-lc2.png>
Package pdftex.def Info: Images/ws7-lc2.png  used on input line 908.
(pdftex.def)             Requested size: 144.47008pt x 142.26378pt.
<Images/ws7-lc3.png, id=625, 220.825pt x 224.84pt>
File: Images/ws7-lc3.png Graphic file (type png)
<use Images/ws7-lc3.png>
Package pdftex.def Info: Images/ws7-lc3.png  used on input line 909.
(pdftex.def)             Requested size: 167.67374pt x 170.71652pt.
 [28 <./Images/surface-non-cont.png>] [29 <./Images/ws7-lc2.png> <./Images/ws7-
lc3.png>] [30] [31] [32] [33]
<Images/tangent-line-grad.png, id=732, 487.8225pt x 345.54094pt>
File: Images/tangent-line-grad.png Graphic file (type png)
<use Images/tangent-line-grad.png>
Package pdftex.def Info: Images/tangent-line-grad.png  used on input line 1097.

(pdftex.def)             Requested size: 199.16928pt x 141.0769pt.
 [34 <./Images/tangent-line-grad.png>]
<Images/tan-plan-grad.png, id=745, 433.62pt x 256.70906pt>
File: Images/tan-plan-grad.png Graphic file (type png)
<use Images/tan-plan-grad.png>
Package pdftex.def Info: Images/tan-plan-grad.png  used on input line 1115.
(pdftex.def)             Requested size: 227.62204pt x 134.75468pt.

[35 <./Images/tan-plan-grad.png>] [36] [37] [38] [39] [40]
<Images/2nd-der-test.png, id=854, 581.17125pt x 210.03468pt>
File: Images/2nd-der-test.png Graphic file (type png)
<use Images/2nd-der-test.png>
Package pdftex.def Info: Images/2nd-der-test.png  used on input line 1306.
(pdftex.def)             Requested size: 341.43306pt x 123.39378pt.
 [41 <./Images/2nd-der-test.png>]
Overfull \hbox (2.4639pt too wide) in paragraph at lines 1334--1335
\OT1/cmr/m/n/10.95 Recall that, in con-trast with a \OT1/cmr/m/it/10.95 lo-cal 
\OT1/cmr/m/n/10.95 ex-tremum, a \OT1/cmr/m/it/10.95 global \OT1/cmr/m/n/10.95 e
x-tremum of a func-tion is the largest/smallest
 []

<Images/closed.png, id=866, 803.0pt x 803.0pt>
File: Images/closed.png Graphic file (type png)
<use Images/closed.png>
Package pdftex.def Info: Images/closed.png  used on input line 1350.
(pdftex.def)             Requested size: 142.26378pt x 142.25475pt.
<Images/open.png, id=867, 803.0pt x 803.0pt>
File: Images/open.png Graphic file (type png)
<use Images/open.png>
Package pdftex.def Info: Images/open.png  used on input line 1350.
(pdftex.def)             Requested size: 142.26378pt x 142.25475pt.

LaTeX Warning: `h' float specifier changed to `ht'.

[42] [43 <./Images/closed.png> <./Images/open.png>] [44]
<Images/LM.png, id=914, 523.20468pt x 221.32687pt>
File: Images/LM.png Graphic file (type png)
<use Images/LM.png>
Package pdftex.def Info: Images/LM.png  used on input line 1444.
(pdftex.def)             Requested size: 284.52756pt x 120.36238pt.
 [45 <./Images/LM.png>] [46] [47] [48]
<Images/ws14-sol-2.png, id=976, 803.0pt x 803.0pt>
File: Images/ws14-sol-2.png Graphic file (type png)
<use Images/ws14-sol-2.png>
Package pdftex.def Info: Images/ws14-sol-2.png  used on input line 1542.
(pdftex.def)             Requested size: 170.71652pt x 170.71794pt.
 [49 <./Images/ws14-sol-2.png>] [50] [51] [52] [53]
<Images/polar-coord.png, id=1058, 331.2375pt x 253.69781pt>
File: Images/polar-coord.png Graphic file (type png)
<use Images/polar-coord.png>
Package pdftex.def Info: Images/polar-coord.png  used on input line 1673.
(pdftex.def)             Requested size: 170.71652pt x 130.75067pt.
 [54 <./Images/polar-coord.png>]
<Images/polar-regions-area.png, id=1076, 803.0pt x 803.0pt>
File: Images/polar-regions-area.png Graphic file (type png)
<use Images/polar-regions-area.png>
Package pdftex.def Info: Images/polar-regions-area.png  used on input line 1698
.
(pdftex.def)             Requested size: 170.71652pt x 170.71794pt.
<Images/rtheta-area.png, id=1077, 803.0pt x 803.0pt>
File: Images/rtheta-area.png Graphic file (type png)
<use Images/rtheta-area.png>
Package pdftex.def Info: Images/rtheta-area.png  used on input line 1698.
(pdftex.def)             Requested size: 170.71652pt x 170.71794pt.


LaTeX Warning: `!h' float specifier changed to `!ht'.

[55]
<Images//ws7-sliver.png, id=1096, 803.0pt x 803.0pt>
File: Images//ws7-sliver.png Graphic file (type png)
<use Images//ws7-sliver.png>
Package pdftex.def Info: Images//ws7-sliver.png  used on input line 1729.
(pdftex.def)             Requested size: 142.26378pt x 142.25475pt.
 [56 <./Images/polar-regions-area.png> <./Images/rtheta-area.png> <./Images//ws
7-sliver.png>]
<Images/ws7-lem.png, id=1112, 803.0pt x 803.0pt>
File: Images/ws7-lem.png Graphic file (type png)
<use Images/ws7-lem.png>
Package pdftex.def Info: Images/ws7-lem.png  used on input line 1743.
(pdftex.def)             Requested size: 170.71652pt x 170.71794pt.
 [57 <./Images/ws7-lem.png>]
<Images/ws65-xy.png, id=1129, 803.0pt x 803.0pt>
File: Images/ws65-xy.png Graphic file (type png)
<use Images/ws65-xy.png>
Package pdftex.def Info: Images/ws65-xy.png  used on input line 1782.
(pdftex.def)             Requested size: 142.25475pt x 142.26378pt.
<Images/ws65-uv.png, id=1130, 803.0pt x 803.0pt>
File: Images/ws65-uv.png Graphic file (type png)
<use Images/ws65-uv.png>
Package pdftex.def Info: Images/ws65-uv.png  used on input line 1782.
(pdftex.def)             Requested size: 142.25475pt x 142.26378pt.
 [58 <./Images/ws65-xy.png> <./Images/ws65-uv.png>] [59] [60] [61] [62]
<Images/ws9-spherical.png, id=1209, 2055.68pt x 2055.68pt>
File: Images/ws9-spherical.png Graphic file (type png)
<use Images/ws9-spherical.png>
Package pdftex.def Info: Images/ws9-spherical.png  used on input line 1921.
(pdftex.def)             Requested size: 170.71652pt x 170.69981pt.
 [63 <./Images/ws9-spherical.png>]
[64]
Overfull \hbox (12.869pt too wide) in paragraph at lines 1990--1991
\OT1/cmr/m/n/10.95 dimensional $\OML/cmm/m/it/10.95 xyzw$\OT1/cmr/m/n/10.95 -hy
perspace (that is, just $\OT1/cmr/bx/n/10.95 R[]$ \OT1/cmr/m/n/10.95 with co-or
-di-nates given by quadru-ples $(\OML/cmm/m/it/10.95 x; y; z; w\OT1/cmr/m/n/10.
95 )$).
 []

[65] [66]
<Images/barycenter.png, id=1279, 466.74374pt x 289.08pt>
File: Images/barycenter.png Graphic file (type png)
<use Images/barycenter.png>
Package pdftex.def Info: Images/barycenter.png  used on input line 2059.
(pdftex.def)             Requested size: 199.16928pt x 123.35802pt.


LaTeX Warning: `!h' float specifier changed to `!ht'.

[67] [68 <./Images/barycenter.png>]
<Images/ws21-a.jpg, id=1325, 420.82219pt x 349.305pt>
File: Images/ws21-a.jpg Graphic file (type jpg)
<use Images/ws21-a.jpg>
Package pdftex.def Info: Images/ws21-a.jpg  used on input line 2102.
(pdftex.def)             Requested size: 142.26378pt x 118.08522pt.
<Images/ws21-b.jpg, id=1326, 429.85594pt x 368.87813pt>
File: Images/ws21-b.jpg Graphic file (type jpg)
<use Images/ws21-b.jpg>
Package pdftex.def Info: Images/ws21-b.jpg  used on input line 2103.
(pdftex.def)             Requested size: 142.26378pt x 122.08475pt.
<Images/ws21-d.jpg, id=1327, 397.485pt x 338.76563pt>
File: Images/ws21-d.jpg Graphic file (type jpg)
<use Images/ws21-d.jpg>
Package pdftex.def Info: Images/ws21-d.jpg  used on input line 2104.
(pdftex.def)             Requested size: 142.26378pt x 121.24734pt.


LaTeX Warning: `!h' float specifier changed to `!ht'.

[69]
<Images/ws21-c.jpg, id=1344, 389.20406pt x 375.65344pt>
File: Images/ws21-c.jpg Graphic file (type jpg)
<use Images/ws21-c.jpg>
Package pdftex.def Info: Images/ws21-c.jpg  used on input line 2146.
(pdftex.def)             Requested size: 170.71652pt x 164.77786pt.
 [70 <./Images/ws21-a.jpg> <./Images/ws21-b.jpg> <./Images/ws21-d.jpg>]
[71 <./Images/ws21-c.jpg>] [72] [73] [74] [75] [76]
<Images/sc.png, id=1466, 376.40625pt x 376.40625pt>
File: Images/sc.png Graphic file (type png)
<use Images/sc.png>
Package pdftex.def Info: Images/sc.png  used on input line 2319.
(pdftex.def)             Requested size: 128.0374pt x 128.0396pt.
<Images/nsc.png, id=1467, 376.40625pt x 376.40625pt>
File: Images/nsc.png Graphic file (type png)
<use Images/nsc.png>
Package pdftex.def Info: Images/nsc.png  used on input line 2319.
(pdftex.def)             Requested size: 128.0374pt x 128.0396pt.


LaTeX Warning: `!h' float specifier changed to `!ht'.

[77] [78 <./Images/sc.png> <./Images/nsc.png>]
<Images/ws9-vf.png, id=1502, 803.0pt x 803.0pt>
File: Images/ws9-vf.png Graphic file (type png)
<use Images/ws9-vf.png>
Package pdftex.def Info: Images/ws9-vf.png  used on input line 2372.
(pdftex.def)             Requested size: 170.71652pt x 170.71794pt.
<Images/greens-region.png, id=1507, 347.04657pt x 224.33812pt>
File: Images/greens-region.png Graphic file (type png)
<use Images/greens-region.png>
Package pdftex.def Info: Images/greens-region.png  used on input line 2389.
(pdftex.def)             Requested size: 199.16928pt x 128.75037pt.
 [79 <./Images/ws9-vf.png>]
<Images/curves-not-green.png, id=1525, 770.88pt x 228.10219pt>
File: Images/curves-not-green.png Graphic file (type png)
<use Images/curves-not-green.png>
Package pdftex.def Info: Images/curves-not-green.png  used on input line 2412.
(pdftex.def)             Requested size: 426.79134pt x 126.28494pt.


LaTeX Warning: `!h' float specifier changed to `!ht'.

[80 <./Images/greens-region.png>] [81 <./Images/curves-not-green.png>]
<Images/normal-greens.png, id=1558, 438.8897pt x 284.56313pt>
File: Images/normal-greens.png Graphic file (type png)
<use Images/normal-greens.png>
Package pdftex.def Info: Images/normal-greens.png  used on input line 2441.
(pdftex.def)             Requested size: 199.16928pt x 129.13774pt.
 [82 <./Images/normal-greens.png>]
<Images/ws10-arc.png, id=1575, 803.0pt x 803.0pt>
File: Images/ws10-arc.png Graphic file (type png)
<use Images/ws10-arc.png>
Package pdftex.def Info: Images/ws10-arc.png  used on input line 2481.
(pdftex.def)             Requested size: 170.71794pt x 170.71652pt.
 [83 <./Images/ws10-arc.png>]
<Images/surface-r.png, id=1591, 968.86969pt x 444.15938pt>
File: Images/surface-r.png Graphic file (type png)
<use Images/surface-r.png>
Package pdftex.def Info: Images/surface-r.png  used on input line 2516.
(pdftex.def)             Requested size: 426.79134pt x 195.65437pt.


LaTeX Warning: `!h' float specifier changed to `!ht'.

[84] [85 <./Images/surface-r.png>]
<Images/surface-normal.png, id=1621, 559.33969pt x 418.56375pt>
File: Images/surface-normal.png Graphic file (type png)
<use Images/surface-normal.png>
Package pdftex.def Info: Images/surface-normal.png  used on input line 2544.
(pdftex.def)             Requested size: 256.0748pt x 191.62834pt.
 [86 <./Images/surface-normal.png>] [87]
[88]
<Images/mobius.png, id=1683, 430.60875pt x 194.97844pt>
File: Images/mobius.png Graphic file (type png)
<use Images/mobius.png>
Package pdftex.def Info: Images/mobius.png  used on input line 2649.
(pdftex.def)             Requested size: 170.71652pt x 77.29976pt.


LaTeX Warning: `!h' float specifier changed to `!ht'.

[89]
LaTeX Font Info:    Trying to load font information for OMS+cmr on input line 2
682.
 (C:\Users\dacla\AppData\Local\Programs\MiKTeX\tex/latex/base\omscmr.fd
File: omscmr.fd 2023/04/13 v2.5m Standard LaTeX font definitions
)
LaTeX Font Info:    Font shape `OMS/cmr/m/n' in size <10.95> not available
(Font)              Font shape `OMS/cmsy/m/n' tried instead on input line 2682.


[90 <./Images/mobius.png>] [91] [92] [93]
<Images/surface-stokes.png, id=1783, 516.42938pt x 354.57469pt>
File: Images/surface-stokes.png Graphic file (type png)
<use Images/surface-stokes.png>
Package pdftex.def Info: Images/surface-stokes.png  used on input line 2799.
(pdftex.def)             Requested size: 199.16928pt x 136.74702pt.
<Images/region-div-thm.png, id=1786, 615.80063pt x 537.50812pt>
File: Images/region-div-thm.png Graphic file (type png)
<use Images/region-div-thm.png>
Package pdftex.def Info: Images/region-div-thm.png  used on input line 2828.
(pdftex.def)             Requested size: 227.62204pt x 198.67804pt.


LaTeX Warning: `!h' float specifier changed to `!ht'.

[94 <./Images/surface-stokes.png>] [95 <./Images/region-div-thm.png>] [96]
Underfull \hbox (badness 10000) in paragraph at lines 2897--2898

 []

<Images/ws14-vf.jpg, id=1832, 439.6425pt x 406.51875pt>
File: Images/ws14-vf.jpg Graphic file (type jpg)
<use Images/ws14-vf.jpg>
Package pdftex.def Info: Images/ws14-vf.jpg  used on input line 2905.
(pdftex.def)             Requested size: 184.62175pt x 170.71652pt.
LaTeX Font Info:    Calculating math sizes for size <14> on input line 2921.
<Images/r2.pdf, id=1833, 614.295pt x 794.97pt>
File: Images/r2.pdf Graphic file (type pdf)
<use Images/r2.pdf>
Package pdftex.def Info: Images/r2.pdf  used on input line 2923.
(pdftex.def)             Requested size: 505.89pt x 654.69385pt.

Overfull \hbox (36.13498pt too wide) in paragraph at lines 2923--2924
[] 
 []

[97 <./Images/ws14-vf.jpg>]
Overfull \vbox (33.34723pt too high) has occurred while \output is active []


[98 <./Images/r2.pdf>]
<Images/r3.pdf, id=1867, 614.295pt x 794.97pt>
File: Images/r3.pdf Graphic file (type pdf)
<use Images/r3.pdf>
Package pdftex.def Info: Images/r3.pdf  used on input line 2927.
(pdftex.def)             Requested size: 505.89pt x 654.69385pt.

Overfull \hbox (36.13498pt too wide) in paragraph at lines 2927--2928
[][] 
 []

Package minitoc Info: I0009
(minitoc)             Listing minitoc auxiliary files. 
(minitoc)             Creating the Multivariable-calc.maf file.
\openout3 = `Multivariable-calc.maf'.


Package minitoc(hints) Warning: W0033
(minitoc(hints))                The caption package should be 
(minitoc(hints))                loaded BEFORE the minitoc package.


Package minitoc(hints) Warning: W0024
(minitoc(hints))                Some hints have been written 
(minitoc(hints))                in the Multivariable-calc.log file.


Overfull \vbox (4.26384pt too high) has occurred while \output is active []


[99 <./Images/r3.pdf>] (Multivariable-calc.aux)
 ***********
LaTeX2e <2023-11-01> patch level 1
L3 programming layer <2024-01-04>
 ***********
Package rerunfilecheck Info: File `Multivariable-calc.out' has not changed.
(rerunfilecheck)             Checksum: 0CB8F60200C754973D6C265AF1A2C56C;4463.
 )
(\end occurred inside a group at level 1)

### simple group (level 1) entered at line 96 ({)
### bottom level 
Here is how much of TeX's memory you used:
 28477 strings out of 474486
 531658 string characters out of 5743756
 1944542 words of memory out of 5000000
 49268 multiletter control sequences out of 15000+600000
 578874 words of font info for 115 fonts, out of 8000000 for 9000
 1141 hyphenation exceptions out of 8191
 98i,15n,101p,1300b,1345s stack positions out of 10000i,1000n,20000p,200000b,200000s
 <C:\Users\dacla\AppData\Local\MiKTeX\fonts/pk/ljfour/public/wa
sy/dpi600\wasy10.pk> <C:\Users\dacla\AppData\Local\MiKTeX\fonts/pk/ljfour/publi
c/wasy/dpi657\wasy10.pk> <C:\Users\dacla\AppData\Local\MiKTeX\fonts/pk/ljfour/j
knappen/ec/dpi600\tcrm1095.pk><C:/Users/dacla/AppData/Local/Programs/MiKTeX/fon
ts/type1/public/amsfonts/cm/cmbx10.pfb><C:/Users/dacla/AppData/Local/Programs/M
iKTeX/fonts/type1/public/amsfonts/cm/cmbx12.pfb><C:/Users/dacla/AppData/Local/P
rograms/MiKTeX/fonts/type1/public/amsfonts/cm/cmbx7.pfb><C:/Users/dacla/AppData
/Local/Programs/MiKTeX/fonts/type1/public/amsfonts/cm/cmbx8.pfb><C:/Users/dacla
/AppData/Local/Programs/MiKTeX/fonts/type1/public/amsfonts/cm/cmbxti10.pfb><C:/
Users/dacla/AppData/Local/Programs/MiKTeX/fonts/type1/public/amsfonts/cm/cmex10
.pfb><C:/Users/dacla/AppData/Local/Programs/MiKTeX/fonts/type1/public/amsfonts/
cm/cmmi10.pfb><C:/Users/dacla/AppData/Local/Programs/MiKTeX/fonts/type1/public/
amsfonts/cm/cmmi12.pfb><C:/Users/dacla/AppData/Local/Programs/MiKTeX/fonts/type
1/public/amsfonts/cm/cmmi5.pfb><C:/Users/dacla/AppData/Local/Programs/MiKTeX/fo
nts/type1/public/amsfonts/cm/cmmi6.pfb><C:/Users/dacla/AppData/Local/Programs/M
iKTeX/fonts/type1/public/amsfonts/cm/cmmi7.pfb><C:/Users/dacla/AppData/Local/Pr
ograms/MiKTeX/fonts/type1/public/amsfonts/cm/cmmi8.pfb><C:/Users/dacla/AppData/
Local/Programs/MiKTeX/fonts/type1/public/amsfonts/cm/cmr10.pfb><C:/Users/dacla/
AppData/Local/Programs/MiKTeX/fonts/type1/public/amsfonts/cm/cmr12.pfb><C:/User
s/dacla/AppData/Local/Programs/MiKTeX/fonts/type1/public/amsfonts/cm/cmr5.pfb><
C:/Users/dacla/AppData/Local/Programs/MiKTeX/fonts/type1/public/amsfonts/cm/cmr
6.pfb><C:/Users/dacla/AppData/Local/Programs/MiKTeX/fonts/type1/public/amsfonts
/cm/cmr7.pfb><C:/Users/dacla/AppData/Local/Programs/MiKTeX/fonts/type1/public/a
msfonts/cm/cmr8.pfb><C:/Users/dacla/AppData/Local/Programs/MiKTeX/fonts/type1/p
ublic/amsfonts/cm/cmsl12.pfb><C:/Users/dacla/AppData/Local/Programs/MiKTeX/font
s/type1/public/amsfonts/cm/cmsy10.pfb><C:/Users/dacla/AppData/Local/Programs/Mi
KTeX/fonts/type1/public/amsfonts/cm/cmsy7.pfb><C:/Users/dacla/AppData/Local/Pro
grams/MiKTeX/fonts/type1/public/amsfonts/cm/cmsy8.pfb><C:/Users/dacla/AppData/L
ocal/Programs/MiKTeX/fonts/type1/public/amsfonts/cm/cmti10.pfb><C:/Users/dacla/
AppData/Local/Programs/MiKTeX/fonts/type1/public/amsfonts/euler/eurm10.pfb>
Output written on Multivariable-calc.pdf (99 pages, 3951080 bytes).
PDF statistics:
 2215 PDF objects out of 2487 (max. 8388607)
 1056 named destinations out of 1200 (max. 500000)
 477 words of extra memory for PDF output out of 10000 (max. 10000000)

